// Jest Snapshot v1, https://goo.gl/fbAQLP

exports[`should render ExpenseList with expenses 1`] = `
<div>
  <h1>
    Expense List
  </h1>
  <ExpenseListItem
    amount={300000}
    createdAt={0}
    description="Car"
    id="1"
    key="1"
    note=""
  />
  <ExpenseListItem
    amount={50000}
    createdAt={345600000}
    description="Vacation"
    id="2"
    key="2"
    note=""
  />
  <ExpenseListItem
    amount={2500}
    createdAt={-345600000}
    description="Dog"
    id="3"
    key="3"
    note=""
  />
</div>
`;

exports[`should render ExpenseList without expenses 1`] = `
<div>
  <h1>
    Expense List
  </h1>
  <p>
    Add some expenses
  </p>
</div>
`;
